// Jest Snapshot v1, https://goo.gl/fbAQLP

exports[`containers/App renders correctly 1`] = `
<div
  className="__sw-container__"
  style={
    Object {
      "boxSizing": "border-box",
      "padding": "20px",
      "width": "100%",
    }
  }
>
  <div
    className="container"
    style={
      Object {
        "width": "100%",
      }
    }
  >
    <form
      className="__sw-input__"
      onSubmit={[Function]}
      style={
        Object {
          "position": "relative",
        }
      }
    >
      <div
        style={
          Object {
            "display": "inline-block",
            "height": "46px",
            "position": "relative",
            "verticalAlign": "top",
            "width": "100%",
          }
        }
      >
        <input
          className="__input__"
          name="keyword"
          onBlur={[Function]}
          onChange={[Function]}
          onDragStart={[Function]}
          onDrop={[Function]}
          onFocus={[Function]}
          placeholder="Search for keyword..."
          style={
            Object {
              "borderColor": "#BDBDBD",
              "borderRadius": 3,
              "borderStyle": "solid",
              "borderWidth": 1,
              "boxSizing": "border-box",
              "display": "inline-block",
              "fontFamily": "\\"Helvetica Neue\\",Helvetica,Arial,sans-serif",
              "fontSize": "15px",
              "fontWeight": 300,
              "lineHeight": "28px",
              "padding": "8px 10px",
              "width": "100%",
            }
          }
          type="text"
          value=""
        />
        <div
          className="__sw-fetcher__"
          data-radium={true}
          disabled={false}
          onClick={[Function]}
          onMouseEnter={[Function]}
          onMouseLeave={[Function]}
          role="button"
          style={
            Object {
              "position": "absolute",
              "right": "10px",
              "top": "10px",
            }
          }
        >
          <span
            data-radium={true}
          >
            <img
              alt="Search"
              data-radium={true}
              src="test-file-stub"
              style={
                Object {
                  "height": "25px",
                  "opacity": "0.8",
                  "width": "25px",
                }
              }
            />
          </span>
        </div>
      </div>
    </form>
  </div>
</div>
`;
